
R version 3.6.1 (2019-07-05) -- "Action of the Toes"
Copyright (C) 2019 The R Foundation for Statistical Computing
Platform: x86_64-pc-linux-gnu (64-bit)

R is free software and comes with ABSOLUTELY NO WARRANTY.
You are welcome to redistribute it under certain conditions.
Type 'license()' or 'licence()' for distribution details.

R is a collaborative project with many contributors.
Type 'contributors()' for more information and
'citation()' on how to cite R or R packages in publications.

Type 'demo()' for some demos, 'help()' for on-line help, or
'help.start()' for an HTML browser interface to help.
Type 'q()' to quit R.

> #Read in command line arguments as list of character vectors
> args=(commandArgs(TRUE))
> 
> #Check if arguments are passed and cycle through to evaluate each element
> if(length(args)==0){
+   print("No arguments supplied.")
+   #supply default values
+   name="noarg"
+   assign="all"
+   filter.arg=TRUE
+   filter.type="pch"
+   filter.param=0.2
+   fml=formula1
+   lfc=FALSE
+   fdr="BH"
+ }else{
+   for(i in 1:length(args)){
+     eval(parse(text=args[[i]]))
+   }
+ }
> print(paste0("file tag: ",name))
[1] "file tag: totcell.filter.pch20.fml3.nofc.bh"
> print(paste0("cell assignment: ",assign))
[1] "cell assignment: cluster"
> print(paste0("filter genes: ",filter.arg))
[1] "filter genes: TRUE"
> print(paste0("filter type: ",filter.type))
[1] "filter type: pch"
> print(paste0("gene filter.param: ",filter.param))
[1] "gene filter.param: 0.2"
> print(paste0("adjuste logFC in test: ",lfc))
[1] "adjuste logFC in test: FALSE"
> print(paste0("fdr method: ",fdr))
[1] "fdr method: BH"
> 
> #Load libraries
> library(Seurat)
> library(dplyr)

Attaching package: 'dplyr'

The following objects are masked from 'package:stats':

    filter, lag

The following objects are masked from 'package:base':

    intersect, setdiff, setequal, union

> library(stringi)
> library(stringr)
> library(ggplot2)
> library(grid)
> library(gbm)
Loaded gbm 2.1.5
> library(colorspace)
> library(RColorBrewer)
> library(edgeR)
Loading required package: limma
> library(scran)
Loading required package: SingleCellExperiment
Loading required package: SummarizedExperiment
Loading required package: GenomicRanges
Loading required package: stats4
Loading required package: BiocGenerics
Loading required package: parallel

Attaching package: 'BiocGenerics'

The following objects are masked from 'package:parallel':

    clusterApply, clusterApplyLB, clusterCall, clusterEvalQ,
    clusterExport, clusterMap, parApply, parCapply, parLapply,
    parLapplyLB, parRapply, parSapply, parSapplyLB

The following object is masked from 'package:limma':

    plotMA

The following objects are masked from 'package:dplyr':

    combine, intersect, setdiff, union

The following objects are masked from 'package:stats':

    IQR, mad, sd, var, xtabs

The following objects are masked from 'package:base':

    Filter, Find, Map, Position, Reduce, anyDuplicated, append,
    as.data.frame, basename, cbind, colnames, dirname, do.call,
    duplicated, eval, evalq, get, grep, grepl, intersect, is.unsorted,
    lapply, mapply, match, mget, order, paste, pmax, pmax.int, pmin,
    pmin.int, rank, rbind, rownames, sapply, setdiff, sort, table,
    tapply, union, unique, unsplit, which, which.max, which.min

Loading required package: S4Vectors

Attaching package: 'S4Vectors'

The following objects are masked from 'package:dplyr':

    first, rename

The following object is masked from 'package:base':

    expand.grid

Loading required package: IRanges

Attaching package: 'IRanges'

The following objects are masked from 'package:dplyr':

    collapse, desc, slice

Loading required package: GenomeInfoDb
Loading required package: Biobase
Welcome to Bioconductor

    Vignettes contain introductory material; view with
    'browseVignettes()'. To cite Bioconductor, see
    'citation("Biobase")', and for packages 'citation("pkgname")'.

Loading required package: DelayedArray
Loading required package: matrixStats

Attaching package: 'matrixStats'

The following objects are masked from 'package:Biobase':

    anyMissing, rowMedians

The following object is masked from 'package:dplyr':

    count

Loading required package: BiocParallel

Attaching package: 'DelayedArray'

The following objects are masked from 'package:matrixStats':

    colMaxs, colMins, colRanges, rowMaxs, rowMins, rowRanges

The following objects are masked from 'package:base':

    aperm, apply, rowsum


Attaching package: 'SummarizedExperiment'

The following object is masked from 'package:Seurat':

    Assays


Attaching package: 'SingleCellExperiment'

The following object is masked from 'package:edgeR':

    cpm

> library(SingleCellExperiment)
> library(limma)
> library(variancePartition)
Loading required package: foreach
Loading required package: scales

Attaching package: 'variancePartition'

The following object is masked from 'package:limma':

    classifyTestsF

> 
> #detectCores()
> param = SnowParam(4, "SOCK", progressbar=TRUE)
> register(param)
> 
> #Load data (integrate across individuals - total (15k genes))
> scrna <- "./../data/cellranger-data-full/data.filter.log.indv-cell.int19k-tot.assign.rds"
> data <- readRDS(scrna)
> data
An object of class Seurat 
38754 features across 101534 samples within 2 assays 
Active assay: integrated (19377 features)
 1 other assay present: RNA
 2 dimensional reductions calculated: pca, umap
> 
> #Isolate mitochondrial and ribosomal genes
> genes <- rownames(data@assays$RNA@counts)
> genes.mito <- c("MT-ATP6","MT-ATP8","MT-CO1","MT-CO2","MT-CO3","MT-CYB","MT-ND1","MT-ND2","MT-ND3","MT-ND4","MT-ND4L","MT-ND5")
> genes.ribo <- grep('^RP',genes,value=T)
> genes.no.mito.ribo <- genes[which(!(genes %in% c(genes.mito,genes.ribo)))]
> rm(genes,genes.mito,genes.ribo)
> 
> #Define Limma Voom (Dream) Function
> runDREAM <- function(dataSub, cell.assign, cell.subset, genes.no.mito.ribo, filter.arg, filter.type, filter.param, fml) {
+ 
+   #count matrix
+   counts <- as.matrix(GetAssayData(dataSub, assay="RNA", slot="counts"))
+ 
+   #remove mitochodrial and ribosomal genes
+   counts <- counts[which(rownames(counts) %in% genes.no.mito.ribo),]
+ 
+   #metadata
+   metadata <- dataSub@meta.data[,c("Species","Individual","Replicate","Collection","percent.mt","Phase","Sample")]
+   metadata <- metadata[colnames(counts),]
+ 
+   #make edgeR object
+   dge <- DGEList(counts)
+   meta_dge <- dge$samples[,c("lib.size","norm.factors")]
+   meta_dge <- cbind(meta_dge, metadata)
+   dge$samples <- meta_dge
+   rm(dataSub,counts,metadata,meta_dge)
+ 
+   #filter genes
+   if (filter.arg==TRUE){
+     if (filter.type=="min.count"){
+       keep <- filterByExpr(dge, group=dge$samples$Species, min.count=filter.param, min.total.count=15)
+       table(keep)
+       dge <- dge[keep, , keep.lib.sizes=FALSE]
+       rm(keep)
+     }
+     if (filter.type=="pch"){
+       dge$counts <- dge$counts[rowSums(dge$counts!=0)>=(filter.param*dim(dge$counts)[2]),]
+     }
+   }
+ 
+   #normalize data
+   dge <- calcNormFactors(dge, method="TMM")
+   summary(dge$samples$norm.factors)
+ 
+   #calculate cellular detection rate
+   #cdr <- scale(colMeans(dge$count > 0))
+ 
+   #prep design matrix variables
+   dge$samples$Individual <- as.factor(dge$samples$Individual)
+   dge$samples$Replicate <- as.factor(as.character(dge$samples$Replicate))
+   dge$samples$Species <- as.factor(dge$samples$Species)
+   dge$samples$Collection <- as.factor(as.numeric(dge$samples$Collection))
+   dge$samples$Phase <- as.factor(dge$samples$Phase)
+   dge$samples$Sample <- as.factor(dge$samples$Sample)
+ 
+   #design matrix
+   if (fml=="formula1") {
+     model <- "~Species+(1|Individual)+(1|Replicate)"
+     formula <- ~Species+(1|Individual)+(1|Replicate)
+   }
+   if (fml=="formula2") {
+     model <- "~Species+Collection+percent.mt+Phase+(1|Individual)"
+     formula <- ~Species+Collection+percent.mt+Phase+(1|Individual)
+   }
+   if (fml=="formula3") {
+     model <- "~Species+percent.mt+Phase+(1|Sample)"
+     formula <- ~Species+percent.mt+Phase+(1|Sample)
+   }
+ 
+   #estimate weights using linear mixed model of dream (voom)
+   vobjDream = voomWithDreamWeights(counts=dge, formula=formula, data=dge$samples)
+ 
+   #define contrasts
+   #L = getContrast(vobjDream, formula, dge$samples, coefficient="SpeciesHuman")
+   #plotContrasts(L)
+ 
+   #fit dream model on each gene
+   fitmm = dream(vobjDream, formula, dge$samples)
+ 
+   #assess differential expression output for particular contrast
+   tt <- topTable(fitmm, n=Inf, coef='SpeciesHuman', adjust.method="BH", p.value=1)
+   print("All DE Genes")
+   print(dim(tt))
+   print(table(tt$adj.P.Val<0.05))
+   print(summary(decideTests(fitmm, adjust.method=fdr, p.value=0.05)))
+ 
+   #add details to output
+   tt$data <- rep(scrna, dim(tt)[1])
+   tt$cell.assign <- rep(cell.assign, dim(tt)[1])
+   tt$cell.subset <- rep(cell.subset, dim(tt)[1])
+   tt$gene.filter <- rep(filter.arg, dim(tt)[1])
+   tt$gene.filter.args <- rep(paste0("filter.param=",filter.param), dim(tt)[1])
+   tt$model <- rep(model, dim(tt)[1])
+   tt$comparison <- rep(tt$comparison, dim(tt)[1])
+   tt$test <- rep(tt$test, dim(tt)[1])
+   tt$adjust.method <- rep(tt$adjust.method, dim(tt)[1])
+   tt$gene <- rownames(tt)
+ 
+   return(tt)
+ 
+ }
> 
> #Find differentially expressed genes for different cell assignment subtypes
> if (assign=="all") {
+   subset.list <- list(stage=list("stage-Time 0","stage-Time 1","stage-Time 2"),
+                       clust=list("cluster-iPSC.c1","cluster-iPSC.c2","cluster-iPSC.c3","cluster-MSC.c1","cluster-Osteoblast.c1","cluster-Osteoblast.c2"),
+                       combI=c("cluster-iPSC.c1_iPSC.c2_iPSC.c3"),
+                       combO=c("cluster-Osteoblast.c1_Osteoblast.c2"),
+                       adhoc=list("adhoc-iPSC","adhoc-MSC","adhoc-Osteoblast"),
+                       ostadhoc=list("ostadhoc-preosteoblast","ostadhoc-embedding osteoblast"))
+ }
> if (assign=="stage") {
+   subset.list <- list(stage=list("stage-Time 0","stage-Time 1","stage-Time 2"))
+ }
> if (assign=="cluster") {
+   subset.list <- list(clust=list("cluster-iPSC.c1","cluster-iPSC.c2","cluster-iPSC.c3","cluster-MSC.c1","cluster-Osteoblast.c1","cluster-Osteoblast.c2"),
+                       combI=c("cluster-iPSC.c1_iPSC.c2_iPSC.c3"),
+                       combO=c("cluster-Osteoblast.c1_Osteoblast.c2"))
+ }
> if (assign=="adhoc") {
+   subset.list <- list(adhoc=list("adhoc-iPSC","adhoc-MSC","adhoc-Osteoblast"))
+ }
> if (assign=="ostadhoc") {
+   subset.list <- list(ostadhoc=list("ostadhoc-preosteoblast","ostadhoc-embedding osteoblast"))
+ }
> 
> DEgene.total <- data.frame()
> 
> for (i in subset.list) {
+ 
+   for (j in i) {
+ 
+     print(j)
+ 
+     #define cell assignment and subtype of interest
+     cell.assign <- str_split(j,"-")[[1]][1]
+     cell.subset <- str_split(j,"-")[[1]][2]
+ 
+     #define data subset
+     if (str_count(cell.subset,"_")>=1){
+ 
+       if (length(str_split(cell.subset,"_")[[1]])==2) {
+         dataSub <- subset(data,
+                           subset=Cluster==str_split(cell.subset,"_")[[1]][1]|
+                             Cluster==str_split(cell.subset,"_")[[1]][2])
+       }
+       else {
+         dataSub <- subset(data,
+                           subset=Cluster==str_split(cell.subset,"_")[[1]][1]|
+                             Cluster==str_split(cell.subset,"_")[[1]][2]|
+                             Cluster==str_split(cell.subset,"_")[[1]][3])
+       }
+     }
+ 
+     else {
+       if(cell.assign=="stage") { dataSub <- subset(data,subset=Stage==cell.subset) }
+       if(cell.assign=="cluster") { dataSub <- subset(data,subset=Cluster==cell.subset) }
+       if(cell.assign=="adhoc") { dataSub <- subset(data,subset=AdHoc.Assign==cell.subset) }
+       if(cell.assign=="ostadhoc") { dataSub <- subset(data,subset=OstAdHoc.Assign==cell.subset) }
+     }
+ 
+     #de analysis
+     DEgene <- runDREAM(dataSub=dataSub,
+                        cell.assign=cell.assign,
+                        cell.subset=cell.subset,
+                        genes.no.mito.ribo=genes.no.mito.ribo,
+                        filter.arg=filter.arg,
+                        filter.type=filter.type,
+                        filter.param=filter.param,
+                        fml=fml)
+ 
+     DEgene.total <- rbind(DEgene.total,DEgene)
+ 
+     print(dim(DEgene.total))
+ 
+     saveRDS(DEgene.total, file=paste0("./../data/de-data/DEdream.",name,".",assign,".rds"))
+ 
+   }
+ 
+ }
[1] "cluster-iPSC.c1"
Memory usage to store result: > 19.7 Gb 
Dividing work into 100 chunks...
iteration: 123456789101112131415161718192021222324252627282930313233343536373839404142434445464748495051525354555657585960616263646566676869707172737475767778798081828384858687888990919293949596979899100

Total: 1950 s
Dividing work into 100 chunks...
iteration: 123456789101112131415161718192021222324252627282930313233343536373839404142434445464748495051525354555657585960616263646566676869707172737475767778798081828384858687888990919293949596979899100

Total: 4359 s
[1] "All DE Genes"
[1] 6986    6

FALSE  TRUE 
 4149  2837 
       (Intercept) SpeciesHuman percent.mt PhaseG2M PhaseS
Down             0         2026       1762     4068   2641
NotSig           0         4149        278     1531   1734
Up            6986          811       4946     1387   2611
[1] 6986   13
[1] "cluster-iPSC.c2"
Memory usage to store result: > 821.1 Mb 
Dividing work into 100 chunks...
iteration: 123456789101112131415161718192021222324252627282930313233343536373839404142434445464748495051525354555657585960616263646566676869707172737475767778798081828384858687888990919293949596979899100

Total: 128 s
Dividing work into 100 chunks...
iteration: 123456789101112131415161718192021222324252627282930313233343536373839404142434445464748495051525354555657585960616263646566676869707172737475767778798081828384858687888990919293949596979899100

Total: 210 s
[1] "All DE Genes"
[1] 2205    6

FALSE  TRUE 
 1814   391 
       (Intercept) SpeciesHuman percent.mt PhaseG2M PhaseS
Down             0          270          7       66     84
NotSig           0         1814       2154     2003   1985
Up            2205          121         44      136    136
[1] 9191   13
[1] "cluster-iPSC.c3"
Memory usage to store result: > 409.4 Mb 
Dividing work into 100 chunks...
iteration: 123456789101112131415161718192021222324252627282930313233343536373839404142434445464748495051525354555657585960616263646566676869707172737475767778798081828384858687888990919293949596979899100

Total: 79 s
Dividing work into 100 chunks...
iteration: 123456789101112131415161718192021222324252627282930313233343536373839404142434445464748495051525354555657585960616263646566676869707172737475767778798081828384858687888990919293949596979899100

Total: 173 s
[1] "All DE Genes"
[1] 6294    6

FALSE  TRUE 
 5784   510 
       (Intercept) SpeciesHuman percent.mt PhaseG2M PhaseS
Down             0          386          4      620    246
NotSig           0         5784       6283     5227   5628
Up            6294          124          7      447    420
[1] 15485    13
[1] "cluster-MSC.c1"
Memory usage to store result: > 22.8 Gb 
Dividing work into 100 chunks...
iteration: 123456789101112131415161718192021222324252627282930313233343536373839404142434445464748495051525354555657585960616263646566676869707172737475767778798081828384858687888990919293949596979899100

Total: 2172 s
Dividing work into 100 chunks...
iteration: 123456789101112131415161718192021222324252627282930313233343536373839404142434445464748495051525354555657585960616263646566676869707172737475767778798081828384858687888990919293949596979899100

Total: 4901 s
[1] "All DE Genes"
[1] 6946    6

FALSE  TRUE 
 3553  3393 
       (Intercept) SpeciesHuman percent.mt PhaseG2M PhaseS
Down             0         2531       1619     2868   2922
NotSig           0         3553        295     1049   1405
Up            6946          862       5032     3029   2619
[1] 22431    13
[1] "cluster-Osteoblast.c1"
Memory usage to store result: > 11.4 Gb 
Dividing work into 100 chunks...
iteration: 123456789101112131415161718192021222324252627282930313233343536373839404142434445464748495051525354555657585960616263646566676869707172737475767778798081828384858687888990919293949596979899100

Total: 1127 s
Dividing work into 100 chunks...
iteration: 123456789101112131415161718192021222324252627282930313233343536373839404142434445464748495051525354555657585960616263646566676869707172737475767778798081828384858687888990919293949596979899100

Total: 2356 s
[1] "All DE Genes"
[1] 6582    6

FALSE  TRUE 
 3616  2966 
       (Intercept) SpeciesHuman percent.mt PhaseG2M PhaseS
Down             0         1846       1703     1389   2642
NotSig           0         3616        262     4291   2491
Up            6582         1120       4617      902   1449
[1] 29013    13
[1] "cluster-Osteoblast.c2"
Memory usage to store result: > 1.2 Gb 
Dividing work into 100 chunks...
iteration: 123456789101112131415161718192021222324252627282930313233343536373839404142434445464748495051525354555657585960616263646566676869707172737475767778798081828384858687888990919293949596979899100

Total: 151 s
Dividing work into 100 chunks...
iteration: 123456789101112131415161718192021222324252627282930313233343536373839404142434445464748495051525354555657585960616263646566676869707172737475767778798081828384858687888990919293949596979899100

Total: 275 s
[1] "All DE Genes"
[1] 1441    6

FALSE  TRUE 
  939   502 
       (Intercept) SpeciesHuman percent.mt PhaseG2M PhaseS
Down             0          298        892      274    210
NotSig           0          939        196      616    831
Up            1441          204        353      551    400
[1] 30454    13
[1] "cluster-iPSC.c1_iPSC.c2_iPSC.c3"
Memory usage to store result: > 21.4 Gb 
Dividing work into 100 chunks...
iteration: 123456789101112131415161718192021222324252627282930313233343536373839404142434445464748495051525354555657585960616263646566676869707172737475767778798081828384858687888990919293949596979899100

Total: 1885 s
Dividing work into 100 chunks...
iteration: 123456789101112131415161718192021222324252627282930313233343536373839404142434445464748495051525354555657585960616263646566676869707172737475767778798081828384858687888990919293949596979899100

Total: 4703 s
[1] "All DE Genes"
[1] 6590    6

FALSE  TRUE 
 5270  1320 
       (Intercept) SpeciesHuman percent.mt PhaseG2M PhaseS
Down             0          774       4551     4238   4086
NotSig           0         5270        692     1095   1308
Up            6590          546       1347     1257   1196
[1] 37044    13
[1] "cluster-Osteoblast.c1_Osteoblast.c2"
Memory usage to store result: > 13.5 Gb 
Dividing work into 100 chunks...
iteration: 123456789101112131415161718192021222324252627282930313233343536373839404142434445464748495051525354555657585960616263646566676869707172737475767778798081828384858687888990919293949596979899100

Total: 1371 s
Dividing work into 100 chunks...
iteration: 123456789101112131415161718192021222324252627282930313233343536373839404142434445464748495051525354555657585960616263646566676869707172737475767778798081828384858687888990919293949596979899100

Total: 3052 s
[1] "All DE Genes"
[1] 5301    6

FALSE  TRUE 
 2912  2389 
       (Intercept) SpeciesHuman percent.mt PhaseG2M PhaseS
Down             0         1848       1395      963   2486
NotSig           0         2912        236     1276   1592
Up            5301          541       3670     3062   1223
[1] 42345    13
Warning message:
In regularize.values(x, y, ties, missing(ties)) :
  collapsing to unique 'x' values
> 
> 
> dataSub <- subset(data,
+                           subset=Cluster==str_split(cell.subset,"_")[[1]][1]|
+                             Cluster==str_split(cell.subset,"_")[[1]][2]|
+                             Cluster==str_split(cell.subset,"_")[[1]][3])
>       }
Error: unexpected '}' in "      }"
Execution halted
