
R version 3.6.1 (2019-07-05) -- "Action of the Toes"
Copyright (C) 2019 The R Foundation for Statistical Computing
Platform: x86_64-pc-linux-gnu (64-bit)

R is free software and comes with ABSOLUTELY NO WARRANTY.
You are welcome to redistribute it under certain conditions.
Type 'license()' or 'licence()' for distribution details.

R is a collaborative project with many contributors.
Type 'contributors()' for more information and
'citation()' on how to cite R or R packages in publications.

Type 'demo()' for some demos, 'help()' for on-line help, or
'help.start()' for an HTML browser interface to help.
Type 'q()' to quit R.

> #Load libraries
> library(Seurat)
> library(dplyr)

Attaching package: 'dplyr'

The following objects are masked from 'package:stats':

    filter, lag

The following objects are masked from 'package:base':

    intersect, setdiff, setequal, union

> library(stringi)
> library(stringr)
> library(ggplot2)
> library(grid)
> library(gbm)
Loaded gbm 2.1.5
> library(colorspace)
> library(RColorBrewer)
> 
> #Define main directory
> dir <- '/project2/gilad/ghousman/skeletal-human-chimp/'
> dir2 <- paste0(dir,"/human-chimp-skeletal-scRNA/data/cellranger-data-full")
> 
> #Load data
> data <- readRDS(paste0(dir2,"/data.filterMT.merge.l-TEMP.rds"))
> data@meta.data$Collection <- as.factor(data@meta.data$Collection)
> 
> #Find differentially expressed genes between humans and chimpanzees
> Idents(data) <- factor(data@meta.data$species, levels=c("Chimp","Human"))
> 
> #Isolate ribosomal genes
> genes <- rownames(data@assays$RNA@counts)
> genes.ribo <- grep('^RP',genes,value=T)
> genes.no.ribo <- genes[which(!(genes %in% genes.ribo))]
> 
> #Define SEURATmastinom Function
> runSEURATmast <- function(dataSub, genes.no.ribo) {
+   deGenes <- FindMarkers(dataSub,
+                          assay="RNA",
+                          slot="data",
+                          ident.1="Human",
+                          ident.2="Chimp",
+                          features=genes.no.ribo,
+                          logfc.threshold=0.25,
+                          min.pct=0.25,
+                          min.cells.feature=3,
+                          test.use="MAST",
+                          latent.vars="nCount_RNA")
+   return(deGenes)
+ }
> 
> ##Find differentially expressed genes using differentiation stage at collection
> #mast <- runSEURATmast(subset(data,subset=Cell.Type=="iPSC"), genes.no.ribo)
> #saveRDS(mast, file=paste0(dir,"/human-chimp-skeletal-scRNA/data/cellranger-data-full/de.m-compare.ips.rds"))
> #mast <- runSEURATmast(subset(data,subset=Cell.Type=="MSC"), genes.no.ribo)
> #saveRDS(mast, file=paste0(dir,"/human-chimp-skeletal-scRNA/data/cellranger-data-full/de.m-compare.msc.rds"))
> #mast <- runSEURATmast(subset(data,subset=Cell.Type=="Osteoblast"), genes.no.ribo)
> #saveRDS(mast, file=paste0(dir,"/human-chimp-skeletal-scRNA/data/cellranger-data-full/de.m-compare.ost.rds"))
> 
> ##Find differentially expressed genes using cluster definitions
> #mast <- runSEURATmast(subset(data,subset=(seurat_clusters==1|seurat_clusters==4|seurat_clusters==6)), genes.no.ribo)
> #saveRDS(mast, file=paste0(dir,"/human-chimp-skeletal-scRNA/data/cellranger-data-full/de.m-compare.i.rds"))
> #mast <- runSEURATmast(subset(data,subset=seurat_clusters==0), genes.no.ribo)
> #saveRDS(mast, file=paste0(dir,"/human-chimp-skeletal-scRNA/data/cellranger-data-full/de.m-compare.m.rds"))
> #mast <- runSEURATmast(subset(data,subset=(seurat_clusters==2|seurat_clusters==3|seurat_clusters==5)), genes.no.ribo)
> #saveRDS(mast, file=paste0(dir,"/human-chimp-skeletal-scRNA/data/cellranger-data-full/de.m-compare.o.rds"))
> #mast <- runSEURATmast(subset(data,subset=seurat_clusters==1), genes.no.ribo)
> #saveRDS(mast, file=paste0(dir,"/human-chimp-skeletal-scRNA/data/cellranger-data-full/de.m-compare.i1.rds"))
> #mast <- runSEURATmast(subset(data,subset=seurat_clusters==4), genes.no.ribo)
> #saveRDS(mast, file=paste0(dir,"/human-chimp-skeletal-scRNA/data/cellranger-data-full/de.m-compare.i2.rds"))
> #mast <- runSEURATmast(subset(data,subset=seurat_clusters==6), genes.no.ribo)
> #saveRDS(mast, file=paste0(dir,"/human-chimp-skeletal-scRNA/data/cellranger-data-full/de.m-compare.i3.rds"))
> #mast <- runSEURATmast(subset(data,subset=seurat_clusters==2), genes.no.ribo)
> #saveRDS(mast, file=paste0(dir,"/human-chimp-skeletal-scRNA/data/cellranger-data-full/de.m-compare.o1.rds"))
> #mast <- runSEURATmast(subset(data,subset=seurat_clusters==3), genes.no.ribo)
> #saveRDS(mast, file=paste0(dir,"/human-chimp-skeletal-scRNA/data/cellranger-data-full/de.m-compare.o2.rds"))
> #mast <- runSEURATmast(subset(data,subset=seurat_clusters==5), genes.no.ribo)
> #saveRDS(mast, file=paste0(dir,"/human-chimp-skeletal-scRNA/data/cellranger-data-full/de.m-compare.o3.rds"))
> 
> #Find differentially expressed genes using ad hoc definitions
> mast <- runSEURATmast(subset(data,subset=AdHoc.Assign=="iPSC"), genes.no.ribo)
Assuming data assay in position 1, with name et is log-transformed.

Done!
Combining coefficients and standard errors
Calculating log-fold changes
Calculating likelihood ratio tests
Refitting on reduced model...

Done!
There were 50 or more warnings (use warnings() to see the first 50)
> saveRDS(mast, file=paste0(dir,"/human-chimp-skeletal-scRNA/data/cellranger-data-full/de.m-compare.hoci.rds"))
> mast <- runSEURATmast(subset(data,subset=AdHoc.Assign=="MSC"), genes.no.ribo)
Assuming data assay in position 1, with name et is log-transformed.

Done!
Combining coefficients and standard errors
Calculating log-fold changes
Calculating likelihood ratio tests
Refitting on reduced model...

Done!
There were 50 or more warnings (use warnings() to see the first 50)
> saveRDS(mast, file=paste0(dir,"/human-chimp-skeletal-scRNA/data/cellranger-data-full/de.m-compare.hocm.rds"))
> mast <- runSEURATmast(subset(data,subset=AdHoc.Assign=="Osteoblast"), genes.no.ribo)
Assuming data assay in position 1, with name et is log-transformed.

Done!
Combining coefficients and standard errors
Calculating log-fold changes
Calculating likelihood ratio tests
Refitting on reduced model...

Done!
There were 50 or more warnings (use warnings() to see the first 50)
> saveRDS(mast, file=paste0(dir,"/human-chimp-skeletal-scRNA/data/cellranger-data-full/de.m-compare.hoco.rds"))
> 
> ##Find differentially expressed genes using osteogenic ad hoc definitions
> #mast <- runSEURATmast(subset(data,subset=OstAdHoc.Assign=="preosteoblast"), genes.no.ribo)
> #saveRDS(mast, file=paste0(dir,"/human-chimp-skeletal-scRNA/data/cellranger-data-full/de.m-compare.pre.rds"))
> #mast <- runSEURATmast(subset(data,subset=OstAdHoc.Assign=="osteoblast"), genes.no.ribo)
> #saveRDS(mast, file=paste0(dir,"/human-chimp-skeletal-scRNA/data/cellranger-data-full/de.m-compare.obl.rds"))
> #mast <- runSEURATmast(subset(data,subset=OstAdHoc.Assign=="embedding osteoblast"), genes.no.ribo)
> #saveRDS(mast, file=paste0(dir,"/human-chimp-skeletal-scRNA/data/cellranger-data-full/de.m-compare.emb.rds"))
> ##mast <- runSEURATmast(subset(data,subset=OstAdHoc.Assign=="mineralizing osteocyte"), genes.no.ribo)
> ##saveRDS(mast, file=paste0(dir,"/human-chimp-skeletal-scRNA/data/cellranger-data-full/de.m-compare.min.rds"))
> ##mast <- runSEURATmast(subset(data,subset=OstAdHoc.Assign=="mature osteocyte"), genes.no.ribo)
> ##saveRDS(mast, file=paste0(dir,"/human-chimp-skeletal-scRNA/data/cellranger-data-full/de.m-compare.mat.rds"))
> 
> ##Find differentially expressed genes using grade of membership definitions
> #mast <- runSEURATmast(subset(data,subset=GoM.Assign=="iPSC"), genes.no.ribo)
> #saveRDS(mast, file=paste0(dir,"/human-chimp-skeletal-scRNA/data/cellranger-data-full/de.m-compare.gomi.rds"))
> #mast <- runSEURATmast(subset(data,subset=GoM.Assign=="MSC"), genes.no.ribo)
> #saveRDS(mast, file=paste0(dir,"/human-chimp-skeletal-scRNA/data/cellranger-data-full/de.m-compare.gomm.rds"))
> #mast <- runSEURATmast(subset(data,subset=GoM.Assign=="Osteoblast"), genes.no.ribo)
> #saveRDS(mast, file=paste0(dir,"/human-chimp-skeletal-scRNA/data/cellranger-data-full/de.m-compare.gomo.rds"))
> 
> 
> proc.time()
   user  system elapsed 
585.783  42.285 624.917 
