
R version 3.4.3 (2017-11-30) -- "Kite-Eating Tree"
Copyright (C) 2017 The R Foundation for Statistical Computing
Platform: x86_64-pc-linux-gnu (64-bit)

R is free software and comes with ABSOLUTELY NO WARRANTY.
You are welcome to redistribute it under certain conditions.
Type 'license()' or 'licence()' for distribution details.

  Natural language support but running in an English locale

R is a collaborative project with many contributors.
Type 'contributors()' for more information and
'citation()' on how to cite R or R packages in publications.

Type 'demo()' for some demos, 'help()' for on-line help, or
'help.start()' for an HTML browser interface to help.
Type 'q()' to quit R.

> #Load libraries
> library(Seurat)
> library(dplyr)

Attaching package: ‘dplyr’

The following objects are masked from ‘package:stats’:

    filter, lag

The following objects are masked from ‘package:base’:

    intersect, setdiff, setequal, union

> library(stringi)
> library(stringr)
> library(ggplot2)
> library(grid)
> library(gbm)
Loaded gbm 2.1.5
> library(colorspace)
> library(RColorBrewer)
> 
> library(tidyr)
> library(UpSetR)
> library(reshape2)

Attaching package: ‘reshape2’

The following object is masked from ‘package:tidyr’:

    smiths

> 
> library(CountClust)
> library(classtpx)
Loading required package: slam
> 
> library(MAST)
Loading required package: SummarizedExperiment
Loading required package: GenomicRanges
Loading required package: stats4
Loading required package: BiocGenerics
Loading required package: parallel

Attaching package: ‘BiocGenerics’

The following objects are masked from ‘package:parallel’:

    clusterApply, clusterApplyLB, clusterCall, clusterEvalQ,
    clusterExport, clusterMap, parApply, parCapply, parLapply,
    parLapplyLB, parRapply, parSapply, parSapplyLB

The following objects are masked from ‘package:dplyr’:

    combine, intersect, setdiff, union

The following objects are masked from ‘package:stats’:

    IQR, mad, sd, var, xtabs

The following objects are masked from ‘package:base’:

    anyDuplicated, append, as.data.frame, cbind, colMeans, colnames,
    colSums, do.call, duplicated, eval, evalq, Filter, Find, get, grep,
    grepl, intersect, is.unsorted, lapply, lengths, Map, mapply, match,
    mget, order, paste, pmax, pmax.int, pmin, pmin.int, Position, rank,
    rbind, Reduce, rowMeans, rownames, rowSums, sapply, setdiff, sort,
    table, tapply, union, unique, unsplit, which, which.max, which.min

Loading required package: S4Vectors

Attaching package: ‘S4Vectors’

The following object is masked from ‘package:tidyr’:

    expand

The following objects are masked from ‘package:dplyr’:

    first, rename

The following object is masked from ‘package:base’:

    expand.grid

Loading required package: IRanges

Attaching package: ‘IRanges’

The following objects are masked from ‘package:dplyr’:

    collapse, desc, slice

Loading required package: GenomeInfoDb
Loading required package: Biobase
Welcome to Bioconductor

    Vignettes contain introductory material; view with
    'browseVignettes()'. To cite Bioconductor, see
    'citation("Biobase")', and for packages 'citation("pkgname")'.

Loading required package: DelayedArray
Loading required package: matrixStats

Attaching package: ‘matrixStats’

The following objects are masked from ‘package:Biobase’:

    anyMissing, rowMedians

The following object is masked from ‘package:dplyr’:

    count


Attaching package: ‘DelayedArray’

The following objects are masked from ‘package:matrixStats’:

    colMaxs, colMins, colRanges, rowMaxs, rowMins, rowRanges

The following object is masked from ‘package:base’:

    apply


Attaching package: ‘SummarizedExperiment’

The following object is masked from ‘package:Seurat’:

    Assays


Attaching package: ‘MAST’

The following object is masked from ‘package:dplyr’:

    filter

The following object is masked from ‘package:stats’:

    filter

> 
> #Define main directory
> dir <- '/project2/gilad/ghousman/skeletal-human-chimp/'
> dir2 <- paste0(dir,"/human-chimp-skeletal-scRNA/data/cellranger-data-full")
> 
> #Load data
> #scrna <- "/data.filterMT.regMT.indv.log.10k.int.rds" #integrate across individuals - total
> scrna <- "/data.filterMT.merge.l-TEMP.rds"            #merge all data without integration - total
> indv <- readRDS(paste0(dir2,scrna))
> 
> #Find differentially expressed genes between humans and chimpanzees
> Idents(indv) <- factor(indv@meta.data$species, levels=c("Chimp","Human"))
> 
> #Find differentially expressed genes using differentiation stage at collection
> compare.ips  <- FindMarkers(subset(indv,subset=Cell.Type=="iPSC"),
+                             assay="RNA", slot="data",
+                             ident.1="Human", ident.2="Chimp",
+                             logfc.threshold=0.25, min.pct=0.25,
+                             test.use="MAST", latent.vars="nCount_RNA")
..........................
Done!
Combining coefficients and standard errors
Calculating log-fold changes
Calculating likelihood ratio tests
Refitting on reduced model...
..........................
Done!
There were 50 or more warnings (use warnings() to see the first 50)
> saveRDS(compare.ips, file=paste0(dir,"/human-chimp-skeletal-scRNA/data/cellranger-data-full/de.m-compare.ips.rds"))
> compare.msc  <- FindMarkers(subset(indv,subset=Cell.Type=="MSC"),
+                             assay="RNA", slot="data",
+                             ident.1="Human", ident.2="Chimp",
+                             logfc.threshold=0.25, min.pct=0.25,
+                             test.use="MAST", latent.vars="nCount_RNA")
............................................
Done!
Combining coefficients and standard errors
Calculating log-fold changes
Calculating likelihood ratio tests
Refitting on reduced model...
............................................
Done!
There were 50 or more warnings (use warnings() to see the first 50)
> saveRDS(compare.msc, file=paste0(dir,"/human-chimp-skeletal-scRNA/data/cellranger-data-full/de.m-compare.msc.rds"))
> compare.ost  <- FindMarkers(subset(indv,subset=Cell.Type=="Osteoblast"),
+                             assay="RNA", slot="data",
+                             ident.1="Human", ident.2="Chimp",
+                             logfc.threshold=0.25, min.pct=0.25,
+                             test.use="MAST", latent.vars="nCount_RNA")
.........................................................
Done!
Combining coefficients and standard errors
Calculating log-fold changes
Calculating likelihood ratio tests
Refitting on reduced model...
.........................................................
Done!
There were 50 or more warnings (use warnings() to see the first 50)
> saveRDS(compare.ost, file=paste0(dir,"/human-chimp-skeletal-scRNA/data/cellranger-data-full/de.m-compare.ost.rds"))
> rm(compare.ips,compare.msc,compare.ost)
> 
> #Find differentially expressed genes using cluster definitions
> compare.i  <- FindMarkers(subset(indv,subset=(seurat_clusters==1|seurat_clusters==4|seurat_clusters==6)),
+                           assay="RNA", slot="data",
+                           ident.1="Human", ident.2="Chimp",
+                           logfc.threshold=0.25, min.pct=0.25,
+                           test.use="MAST", latent.vars="nCount_RNA")
..........................
Done!
Combining coefficients and standard errors
Calculating log-fold changes
Calculating likelihood ratio tests
Refitting on reduced model...
..........................
Done!
There were 50 or more warnings (use warnings() to see the first 50)
> saveRDS(compare.i, file=paste0(dir,"/human-chimp-skeletal-scRNA/data/cellranger-data-full/de.m-compare.i.rds"))
> compare.m  <- FindMarkers(subset(indv,subset=seurat_clusters==0),
+                           assay="RNA", slot="data",
+                           ident.1="Human", ident.2="Chimp",
+                           logfc.threshold=0.25, min.pct=0.25,
+                           test.use="MAST", latent.vars="nCount_RNA")
............................................
Done!
Combining coefficients and standard errors
Calculating log-fold changes
Calculating likelihood ratio tests
Refitting on reduced model...
............................................
Done!
There were 50 or more warnings (use warnings() to see the first 50)
> saveRDS(compare.m, file=paste0(dir,"/human-chimp-skeletal-scRNA/data/cellranger-data-full/de.m-compare.m.rds"))
> compare.o  <- FindMarkers(subset(indv,subset=(seurat_clusters==2|seurat_clusters==3|seurat_clusters==5)),
+                           assay="RNA", slot="data",
+                           ident.1="Human", ident.2="Chimp",
+                           logfc.threshold=0.25, min.pct=0.25,
+                           test.use="MAST", latent.vars="nCount_RNA")
........................................................
Done!
Combining coefficients and standard errors
Calculating log-fold changes
Calculating likelihood ratio tests
Refitting on reduced model...
........................................................
Done!
There were 50 or more warnings (use warnings() to see the first 50)
> saveRDS(compare.o, file=paste0(dir,"/human-chimp-skeletal-scRNA/data/cellranger-data-full/de.m-compare.o.rds"))
> rm(compare.i,compare.m,compare.o)
> compare.i1  <- FindMarkers(subset(indv,subset=seurat_clusters==1),
+                            assay="RNA", slot="data",
+                            ident.1="Human", ident.2="Chimp",
+                            logfc.threshold=0.25, min.pct=0.25,
+                            test.use="MAST", latent.vars="nCount_RNA")
.............................
Done!
Combining coefficients and standard errors
Calculating log-fold changes
Calculating likelihood ratio tests
Refitting on reduced model...
.............................
Done!
There were 50 or more warnings (use warnings() to see the first 50)
> saveRDS(compare.i1, file=paste0(dir,"/human-chimp-skeletal-scRNA/data/cellranger-data-full/de.m-compare.i1.rds"))
> compare.i2  <- FindMarkers(subset(indv,subset=seurat_clusters==4),
+                            assay="RNA", slot="data",
+                            ident.1="Human", ident.2="Chimp",
+                            logfc.threshold=0.25, min.pct=0.25,
+                            test.use="MAST", latent.vars="nCount_RNA")
..................
Done!
Combining coefficients and standard errors
Calculating log-fold changes
Calculating likelihood ratio tests
Refitting on reduced model...
..................
Done!
There were 32 warnings (use warnings() to see them)
> saveRDS(compare.i2, file=paste0(dir,"/human-chimp-skeletal-scRNA/data/cellranger-data-full/de.m-compare.i2.rds"))
> compare.i3  <- FindMarkers(subset(indv,subset=seurat_clusters==6),
+                            assay="RNA", slot="data",
+                            ident.1="Human", ident.2="Chimp",
+                            logfc.threshold=0.25, min.pct=0.25,
+                            test.use="MAST", latent.vars="nCount_RNA")
.........................................
Done!
Combining coefficients and standard errors
Calculating log-fold changes
Calculating likelihood ratio tests
Refitting on reduced model...
.........................................
Done!
Warning messages:
1: In melt(coefAndCI, as.is = TRUE) :
  The melt generic in data.table has been passed a array and will attempt to redirect to the relevant reshape2 method; please note that reshape2 is deprecated, and this redirection is now deprecated as well. To continue using melt methods from reshape2 while both libraries are attached, e.g. melt.list, you can prepend the namespace like reshape2::melt(coefAndCI). In the next version, this warning will become an error.
2: In melt(lfc) :
  The melt generic in data.table has been passed a list and will attempt to redirect to the relevant reshape2 method; please note that reshape2 is deprecated, and this redirection is now deprecated as well. To continue using melt methods from reshape2 while both libraries are attached, e.g. melt.list, you can prepend the namespace like reshape2::melt(lfc). In the next version, this warning will become an error.
3: In melt(llrt) :
  The melt generic in data.table has been passed a list and will attempt to redirect to the relevant reshape2 method; please note that reshape2 is deprecated, and this redirection is now deprecated as well. To continue using melt methods from reshape2 while both libraries are attached, e.g. melt.list, you can prepend the namespace like reshape2::melt(llrt). In the next version, this warning will become an error.
> saveRDS(compare.i3, file=paste0(dir,"/human-chimp-skeletal-scRNA/data/cellranger-data-full/de.m-compare.i3.rds"))
> rm(compare.i1,compare.i2,compare.i3)
> compare.o1  <- FindMarkers(subset(indv,subset=seurat_clusters==2),
+                            assay="RNA", slot="data",
+                            ident.1="Human", ident.2="Chimp",
+                            logfc.threshold=0.25, min.pct=0.25,
+                            test.use="MAST", latent.vars="nCount_RNA")
................................................................
Done!
Combining coefficients and standard errors
Calculating log-fold changes
Calculating likelihood ratio tests
Refitting on reduced model...
................................................................
Done!
There were 50 or more warnings (use warnings() to see the first 50)
> saveRDS(compare.o1, file=paste0(dir,"/human-chimp-skeletal-scRNA/data/cellranger-data-full/de.m-compare.o1.rds"))
> compare.o2  <- FindMarkers(subset(indv,subset=seurat_clusters==3),
+                            assay="RNA", slot="data",
+                            ident.1="Human", ident.2="Chimp",
+                            logfc.threshold=0.25, min.pct=0.25,
+                            test.use="MAST", latent.vars="nCount_RNA")
.............................
Done!
Combining coefficients and standard errors
Calculating log-fold changes
Calculating likelihood ratio tests
Refitting on reduced model...
.............................
Done!
There were 50 or more warnings (use warnings() to see the first 50)
> saveRDS(compare.o2, file=paste0(dir,"/human-chimp-skeletal-scRNA/data/cellranger-data-full/de.m-compare.o2.rds"))
> compare.o3  <- FindMarkers(subset(indv,subset=seurat_clusters==5),
+                            assay="RNA", slot="data",
+                            ident.1="Human", ident.2="Chimp",
+                            logfc.threshold=0.25, min.pct=0.25,
+                            test.use="MAST", latent.vars="nCount_RNA")
.....................................................................................................................................................
Done!
Combining coefficients and standard errors
Calculating log-fold changes
Calculating likelihood ratio tests
Refitting on reduced model...
.....................................................................................................................................................
Done!
There were 50 or more warnings (use warnings() to see the first 50)
> saveRDS(compare.o3, file=paste0(dir,"/human-chimp-skeletal-scRNA/data/cellranger-data-full/de.m-compare.o3.rds"))
> rm(compare.o1,compare.o2,compare.o3)
> 
> #Find differentially expressed genes using ad hoc definitions
> compare.hoci  <- FindMarkers(subset(indv,subset=AdHoc.Assign=="iPSC"),
+                              assay="RNA", slot="data",
+                              ident.1="Human", ident.2="Chimp",
+                              logfc.threshold=0.25, min.pct=0.25,
+                              test.use="MAST", latent.vars="nCount_RNA")
.........................
Done!
Combining coefficients and standard errors
Calculating log-fold changes
Calculating likelihood ratio tests
Refitting on reduced model...
.........................
Done!
There were 50 or more warnings (use warnings() to see the first 50)
> saveRDS(compare.hoci, file=paste0(dir,"/human-chimp-skeletal-scRNA/data/cellranger-data-full/de.m-compare.hoci.rds"))
> compare.hocm  <- FindMarkers(subset(indv,subset=AdHoc.Assign=="MSC"),
+                              assay="RNA", slot="data",
+                              ident.1="Human", ident.2="Chimp",
+                              logfc.threshold=0.25, min.pct=0.25,
+                              test.use="MAST", latent.vars="nCount_RNA")
...............................................
Done!
Combining coefficients and standard errors
Calculating log-fold changes
Calculating likelihood ratio tests
Refitting on reduced model...
...............................................
Done!
There were 50 or more warnings (use warnings() to see the first 50)
> saveRDS(compare.hocm, file=paste0(dir,"/human-chimp-skeletal-scRNA/data/cellranger-data-full/de.m-compare.hocm.rds"))
> compare.hoco  <- FindMarkers(subset(indv,subset=AdHoc.Assign=="Osteoblast"),
+                              assay="RNA", slot="data",
+                              ident.1="Human", ident.2="Chimp",
+                              logfc.threshold=0.25, min.pct=0.25,
+                              test.use="MAST", latent.vars="nCount_RNA")
.......................................................
Done!
Combining coefficients and standard errors
Calculating log-fold changes
Calculating likelihood ratio tests
Refitting on reduced model...
.......................................................
Done!
There were 50 or more warnings (use warnings() to see the first 50)
> saveRDS(compare.hoco, file=paste0(dir,"/human-chimp-skeletal-scRNA/data/cellranger-data-full/de.m-compare.hoco.rds"))
> 
> #Find differentially expressed genes using osteogenic ad hoc definitions
> compare.pre  <- FindMarkers(subset(indv,subset=OstAdHoc.Assign=="preosteoblast"),
+                             assay="RNA", slot="data",
+                             ident.1="Human", ident.2="Chimp",
+                             logfc.threshold=0.25, min.pct=0.25,
+                             test.use="MAST", latent.vars="nCount_RNA")
.............................................................................................................
Done!
Combining coefficients and standard errors
Calculating log-fold changes
Calculating likelihood ratio tests
Refitting on reduced model...
.............................................................................................................
Done!
There were 50 or more warnings (use warnings() to see the first 50)
> saveRDS(compare.pre, file=paste0(dir,"/human-chimp-skeletal-scRNA/data/cellranger-data-full/de.m-compare.pre.rds"))
> compare.obl  <- FindMarkers(subset(indv,subset=OstAdHoc.Assign=="osteoblast"),
+                             assay="RNA", slot="data",
+                             ident.1="Human", ident.2="Chimp",
+                             logfc.threshold=0.25, min.pct=0.25,
+                             test.use="MAST", latent.vars="nCount_RNA")
..........................................................................
Done!
Combining coefficients and standard errors
Calculating log-fold changes
Calculating likelihood ratio tests
Refitting on reduced model...
..........................................................................
Done!
Warning messages:
1: In .bayesglm.fit.loop.printWarnings(Warning, state, family) :
  fitted probabilities numerically 0 or 1 occurred
2: In melt(coefAndCI, as.is = TRUE) :
  The melt generic in data.table has been passed a array and will attempt to redirect to the relevant reshape2 method; please note that reshape2 is deprecated, and this redirection is now deprecated as well. To continue using melt methods from reshape2 while both libraries are attached, e.g. melt.list, you can prepend the namespace like reshape2::melt(coefAndCI). In the next version, this warning will become an error.
3: In melt(lfc) :
  The melt generic in data.table has been passed a list and will attempt to redirect to the relevant reshape2 method; please note that reshape2 is deprecated, and this redirection is now deprecated as well. To continue using melt methods from reshape2 while both libraries are attached, e.g. melt.list, you can prepend the namespace like reshape2::melt(lfc). In the next version, this warning will become an error.
4: In .bayesglm.fit.loop.printWarnings(Warning, state, family) :
  fitted probabilities numerically 0 or 1 occurred
5: In .bayesglm.fit.loop.printWarnings(Warning, state, family) :
  fitted probabilities numerically 0 or 1 occurred
6: In melt(llrt) :
  The melt generic in data.table has been passed a list and will attempt to redirect to the relevant reshape2 method; please note that reshape2 is deprecated, and this redirection is now deprecated as well. To continue using melt methods from reshape2 while both libraries are attached, e.g. melt.list, you can prepend the namespace like reshape2::melt(llrt). In the next version, this warning will become an error.
> saveRDS(compare.obl, file=paste0(dir,"/human-chimp-skeletal-scRNA/data/cellranger-data-full/de.m-compare.obl.rds"))
> compare.emb  <- FindMarkers(subset(indv,subset=OstAdHoc.Assign=="embedding osteoblast"),
+                             assay="RNA", slot="data",
+                             ident.1="Human", ident.2="Chimp",
+                             logfc.threshold=0.25, min.pct=0.25,
+                             test.use="MAST", latent.vars="nCount_RNA")
.....................................................
Done!
Combining coefficients and standard errors
Calculating log-fold changes
Calculating likelihood ratio tests
Refitting on reduced model...
.....................................................
Done!
There were 50 or more warnings (use warnings() to see the first 50)
> saveRDS(compare.emb, file=paste0(dir,"/human-chimp-skeletal-scRNA/data/cellranger-data-full/de.m-compare.emb.rds"))
> #compare.min  <- FindMarkers(subset(indv,subset=OstAdHoc.Assign=="mineralizing osteocyte"),
> #                            assay="RNA", slot="data",
> #                            ident.1="Human", ident.2="Chimp",
> #                            logfc.threshold=0.25, min.pct=0.25,
> #                            test.use="MAST", latent.vars="nCount_RNA")
> #saveRDS(compare.min, file=paste0(dir,"/human-chimp-skeletal-scRNA/data/cellranger-data-full/de.m-compare.min.rds"))
> #compare.mat  <- FindMarkers(subset(indv,subset=OstAdHoc.Assign=="mature osteocyte"),
> #                            assay="RNA", slot="data",
> #                            ident.1="Human", ident.2="Chimp",
> #                            logfc.threshold=0.25, min.pct=0.25,
> #                            test.use="MAST", latent.vars="nCount_RNA")
> #saveRDS(compare.mat, file=paste0(dir,"/human-chimp-skeletal-scRNA/data/cellranger-data-full/de.m-compare.mat.rds"))
> rm(compare.pre,compare.obl,compare.emb)
> #rm(compare.pre,compare.obl,compare.emb,compare.min,compare.mat)
> 
> #Find differentially expressed genes using grade of membership definitions
> compare.gomi  <- FindMarkers(subset(indv,subset=GoM.Assign=="iPSC"),
+                              assay="RNA", slot="data",
+                              ident.1="Human", ident.2="Chimp",
+                              logfc.threshold=0.25, min.pct=0.25,
+                              test.use="MAST", latent.vars="nCount_RNA")
..........................
Done!
Combining coefficients and standard errors
Calculating log-fold changes
Calculating likelihood ratio tests
Refitting on reduced model...
..........................
Done!
There were 50 or more warnings (use warnings() to see the first 50)
> saveRDS(compare.gomi, file=paste0(dir,"/human-chimp-skeletal-scRNA/data/cellranger-data-full/de.m-compare.gomi.rds"))
> compare.gomm  <- FindMarkers(subset(indv,subset=GoM.Assign=="MSC"),
+                              assay="RNA", slot="data",
+                              ident.1="Human", ident.2="Chimp",
+                              logfc.threshold=0.25, min.pct=0.25,
+                              test.use="MAST", latent.vars="nCount_RNA")
....................................
Done!
Combining coefficients and standard errors
Calculating log-fold changes
Calculating likelihood ratio tests
Refitting on reduced model...
....................................
Done!
There were 50 or more warnings (use warnings() to see the first 50)
> saveRDS(compare.gomm, file=paste0(dir,"/human-chimp-skeletal-scRNA/data/cellranger-data-full/de.m-compare.gomm.rds"))
> compare.gomo  <- FindMarkers(subset(indv,subset=GoM.Assign=="Osteoblast"),
+                              assay="RNA", slot="data",
+                              ident.1="Human", ident.2="Chimp",
+                              logfc.threshold=0.25, min.pct=0.25,
+                              test.use="MAST", latent.vars="nCount_RNA")
................................................................................................................................................
Done!
Combining coefficients and standard errors
Calculating log-fold changes
Calculating likelihood ratio tests
Refitting on reduced model...
................................................................................................................................................
Done!
There were 50 or more warnings (use warnings() to see the first 50)
> saveRDS(compare.gomo, file=paste0(dir,"/human-chimp-skeletal-scRNA/data/cellranger-data-full/de.m-compare.gomo.rds"))
> rm(compare.gomi,compare.gomm,compare.gomo)
> 
> proc.time()
    user   system  elapsed 
3956.652  221.916 4186.230 
